INFO Starting application
WARN Something looks strange
ERROR Something exploded
this line has no keyword
error lower case works too!
